<html>
<body>
<pre>
<h1>µVision Build Log</h1>
<h2>Project:</h2>
D:\DATE\Master\pes\ELEVATOR\trunk\elevator-lab\lab_env.uvproj
Project File Date:  02/05/2012

<h2>Output:</h2>
Build target 'Target 1'
compiling main.c...
compiling pin_listener.c...
compiling planner.c...
planner.c(22): error:  #65: expected a ";"
planner.c(24): error:  #20: identifier "xSemaphoreHandle" is undefined
planner.c(27): error:  #20: identifier "floorEventQueue_t" is undefined
Target not created
Build target 'Target 1'
compiling planner.c...
planner.c(20): error:  #5: cannot open source input file "semaphore.h": No such file or directory
Target not created
Build target 'Target 1'
compiling planner.c...
planner.c(20): error:  #5: cannot open source input file "smphr.h": No such file or directory
Target not created
Build target 'Target 1'
compiling planner.c...
planner.c(20): error:  #5: cannot open source input file "smphre.h": No such file or directory
Target not created
Build target 'Target 1'
compiling planner.c...
planner.c(24): error:  #65: expected a ";"
planner.c(29): error:  #20: identifier "floorEventQueue_t" is undefined
Target not created
Build target 'Target 1'
compiling planner.c...
planner.c(24): error:  #65: expected a ";"
Target not created
Build target 'Target 1'
compiling planner.c...
linking...
Program Size: Code=13672 RO-data=304 RW-data=200 ZI-data=18176  
"stm32_exec.axf" - 0 Error(s), 0 Warning(s).
Build target 'Target 1'
compiling planner.c...
planner.c(24): error:  #65: expected a ";"
Target not created
Build target 'Target 1'
compiling planner.c...
planner.c(24): error:  #65: expected a ";"
Target not created
Build target 'Target 1'
compiling planner.c...
planner.c(24): error:  #65: expected a ";"
planner.c(25): error:  #65: expected a ";"
Target not created
Build target 'Target 1'
compiling planner.c...
planner.c(25): error:  #65: expected a ";"
planner.c(26): error:  #65: expected a ";"
Target not created
Build target 'Target 1'
compiling planner.c...
planner.c(41): error:  #29: expected an expression
planner.c(41): error:  #137: expression must be a modifiable lvalue
planner.c(42): warning:  #223-D: function "xSemaphoreCreate" declared implicitly
Target not created
Build target 'Target 1'
compiling planner.c...
planner.c(41): error:  #29: expected an expression
planner.c(41): error:  #137: expression must be a modifiable lvalue
planner.c(42): warning:  #223-D: function "xSemaphoreCreate" declared implicitly
Target not created
Build target 'Target 1'
compiling planner.c...
planner.c(41): error:  #29: expected an expression
planner.c(41): error:  #137: expression must be a modifiable lvalue
Target not created
Build target 'Target 1'
compiling planner.c...
planner.c(41): error:  #29: expected an expression
planner.c(41): error:  #29: expected an expression
Target not created
Build target 'Target 1'
compiling planner.c...
planner.c(41): warning:  #223-D: function "memset" declared implicitly
linking...
Program Size: Code=13692 RO-data=304 RW-data=208 ZI-data=18176  
"stm32_exec.axf" - 0 Error(s), 1 Warning(s).
Build target 'Target 1'
compiling planner.c...
linking...
Program Size: Code=13700 RO-data=304 RW-data=208 ZI-data=18176  
"stm32_exec.axf" - 0 Error(s), 0 Warning(s).
Build target 'Target 1'
compiling planner.c...
planner.c(59): error:  #137: expression must be a modifiable lvalue
planner.c(60): error:  #55: too many arguments in macro invocation
planner.c(66): warning:  #223-D: function "floorInTheWay" declared implicitly
planner.c(80): error:  #55: too many arguments in macro invocation
planner.c(81): warning:  #1-D: last line of file ends without a newline
Target not created
Build target 'Target 1'
compiling planner.c...
planner.c(59): error:  #42: operand types are incompatible ("FloorEvent_t *" and "FloorEvent_t")
planner.c(60): error:  #55: too many arguments in macro invocation
planner.c(66): warning:  #223-D: function "floorInTheWay" declared implicitly
planner.c(80): error:  #55: too many arguments in macro invocation
planner.c(81): warning:  #1-D: last line of file ends without a newline
Target not created
Build target 'Target 1'
compiling planner.c...
planner.c(59): error:  #42: operand types are incompatible ("FloorEvent_t *" and "FloorEvent_t")
planner.c(66): warning:  #223-D: function "floorInTheWay" declared implicitly
planner.c(81): warning:  #1-D: last line of file ends without a newline
Target not created
Build target 'Target 1'
compiling planner.c...
planner.c(59): error:  #42: operand types are incompatible ("FloorEvent_t *" and "FloorEvent_t")
planner.c(66): warning:  #223-D: function "floorInTheWay" declared implicitly
Target not created
Build target 'Target 1'
compiling planner.c...
planner.c(66): warning:  #223-D: function "floorInTheWay" declared implicitly
linking...
stm32_exec.axf: Error: L6218E: Undefined symbol floorInTheWay (referred from planner.o).
Target not created
Build target 'Target 1'
compiling planner.c...
planner.c(55): error:  #84: invalid combination of type specifiers
planner.c(68): warning:  #223-D: function "floorInTheWay" declared implicitly
Target not created
Build target 'Target 1'
compiling main.c...
global.h(20): error:  #101: "TRUE" has already been declared in the current scope
global.h(20): error:  #101: "FALSE" has already been declared in the current scope
compiling pin_listener.c...
global.h(20): error:  #101: "TRUE" has already been declared in the current scope
global.h(20): error:  #101: "FALSE" has already been declared in the current scope
compiling planner.c...
global.h(20): error:  #101: "TRUE" has already been declared in the current scope
global.h(20): error:  #101: "FALSE" has already been declared in the current scope
planner.c(66): warning:  #223-D: function "floorInTheWay" declared implicitly
compiling safety.c...
global.h(20): error:  #101: "TRUE" has already been declared in the current scope
global.h(20): error:  #101: "FALSE" has already been declared in the current scope
Target not created
Build target 'Target 1'
compiling main.c...
global.h(20): error:  #101: "TRUE" has already been declared in the current scope
global.h(20): error:  #101: "FALSE" has already been declared in the current scope
compiling pin_listener.c...
global.h(20): error:  #101: "TRUE" has already been declared in the current scope
global.h(20): error:  #101: "FALSE" has already been declared in the current scope
compiling planner.c...
global.h(20): error:  #101: "TRUE" has already been declared in the current scope
global.h(20): error:  #101: "FALSE" has already been declared in the current scope
planner.c(66): warning:  #223-D: function "floorInTheWay" declared implicitly
compiling safety.c...
global.h(20): error:  #101: "TRUE" has already been declared in the current scope
global.h(20): error:  #101: "FALSE" has already been declared in the current scope
Target not created
Build target 'Target 1'
compiling main.c...
global.h(20): error:  #101: "TRUE" has already been declared in the current scope
global.h(20): error:  #101: "FALSE" has already been declared in the current scope
compiling pin_listener.c...
global.h(20): error:  #101: "TRUE" has already been declared in the current scope
global.h(20): error:  #101: "FALSE" has already been declared in the current scope
compiling planner.c...
global.h(20): error:  #101: "TRUE" has already been declared in the current scope
global.h(20): error:  #101: "FALSE" has already been declared in the current scope
planner.c(67): warning:  #223-D: function "floorInTheWay" declared implicitly
compiling safety.c...
global.h(20): error:  #101: "TRUE" has already been declared in the current scope
global.h(20): error:  #101: "FALSE" has already been declared in the current scope
Target not created
Build target 'Target 1'
compiling main.c...
global.h(20): error:  #101: "TRUE" has already been declared in the current scope
global.h(20): error:  #101: "FALSE" has already been declared in the current scope
compiling pin_listener.c...
global.h(20): error:  #101: "TRUE" has already been declared in the current scope
global.h(20): error:  #101: "FALSE" has already been declared in the current scope
compiling planner.c...
global.h(20): error:  #101: "TRUE" has already been declared in the current scope
global.h(20): error:  #101: "FALSE" has already been declared in the current scope
planner.c(68): warning:  #223-D: function "floorInTheWay" declared implicitly
planner.c(85): error:  #20: identifier "floorEvent" is undefined
planner.c(85): error:  #159: declaration is incompatible with previous "floorInTheWay" (declared at line 68)
planner.c(87): warning:  #188-D: enumerated type mixed with another type
planner.c(88): warning:  #1-D: last line of file ends without a newline
compiling safety.c...
global.h(20): error:  #101: "TRUE" has already been declared in the current scope
global.h(20): error:  #101: "FALSE" has already been declared in the current scope
Target not created
Build target 'Target 1'
compiling main.c...
compiling pin_listener.c...
compiling planner.c...
planner.c(68): warning:  #223-D: function "floorInTheWay" declared implicitly
planner.c(85): error:  #20: identifier "floorEvent" is undefined
planner.c(85): error:  #159: declaration is incompatible with previous "floorInTheWay" (declared at line 68)
planner.c(88): warning:  #1-D: last line of file ends without a newline
compiling safety.c...
Target not created
Build target 'Target 1'
compiling planner.c...
planner.c(68): warning:  #223-D: function "floorInTheWay" declared implicitly
planner.c(85): error:  #159: declaration is incompatible with previous "floorInTheWay" (declared at line 68)
planner.c(88): warning:  #1-D: last line of file ends without a newline
Target not created
Build target 'Target 1'
compiling planner.c...
planner.c(90): warning:  #1-D: last line of file ends without a newline
linking...
Program Size: Code=13836 RO-data=304 RW-data=208 ZI-data=18176  
"stm32_exec.axf" - 0 Error(s), 1 Warning(s).
Build target 'Target 1'
compiling planner.c...
linking...
Program Size: Code=13836 RO-data=304 RW-data=208 ZI-data=18176  
"stm32_exec.axf" - 0 Error(s), 0 Warning(s).
