<html>
<body>
<pre>
<h1>µVision Build Log</h1>
<h2>Project:</h2>
D:\DATE\Master\pes\elevator-lab\lab_env.uvproj
Project File Date:  02/03/2012

<h2>Output:</h2>
Build target 'Target 1'
assembling STM32F10x.s...
compiling stm32f10x_gpio.c...
compiling stm32f10x_lib.c...
compiling stm32f10x_nvic.c...
compiling stm32f10x_rcc.c...
compiling stm32f10x_spi.c...
compiling stm32f10x_systick.c...
compiling stm32f10x_tim.c...
compiling stm32f10x_usart.c...
assembling cortexm3_macro_rvds.s...
compiling main.c...
compiling setup.c...
compiling pin_listener.c...
compiling position_tracker.c...
compiling motor.c...
compiling planner.c...
compiling safety.c...
compiling heap_2.c...
compiling list.c...
compiling port.c...
compiling queue.c...
compiling tasks.c...
compiling serial.c...
linking...
Program Size: Code=13672 RO-data=304 RW-data=200 ZI-data=18176  
"stm32_exec.axf" - 0 Error(s), 0 Warning(s).
Build target 'Target 1'
compiling main.c...
planner.h(24): error:  #256: invalid redeclaration of type name "PinListener" (declared at line 27 of "pin_listener.h")
main.c(51): error:  #144: a value of type "PinListener *" cannot be used to initialize an entity of type "PinListener *"
compiling pin_listener.c...
compiling planner.c...
planner.h(18): error:  #20: identifier "GPIO_TypeDef" is undefined
compiling safety.c...
Target not created
Build target 'Target 1'
compiling main.c...
compiling planner.c...
linking...
Program Size: Code=13672 RO-data=304 RW-data=200 ZI-data=18176  
"stm32_exec.axf" - 0 Error(s), 0 Warning(s).
Build target 'Target 1'
compiling main.c...
compiling pin_listener.c...
compiling planner.c...
compiling safety.c...
linking...
Program Size: Code=13672 RO-data=304 RW-data=200 ZI-data=18176  
"stm32_exec.axf" - 0 Error(s), 0 Warning(s).
Build target 'Target 1'
compiling main.c...
compiling pin_listener.c...
compiling planner.c...
compiling safety.c...
linking...
stm32_exec.axf: Error: L6200E: Symbol cur multiply defined (by planner.o and pin_listener.o).
Target not created
Build target 'Target 1'
compiling pin_listener.c...
pin_listener.c(25): warning:  #177-D: function "cur" was declared but never referenced
linking...
Program Size: Code=13676 RO-data=304 RW-data=200 ZI-data=18176  
"stm32_exec.axf" - 0 Error(s), 1 Warning(s).
